
> agro_inventory@0.1.0 build
> next build

node.exe : ÔÜá Warning: Next.js inferred your 
workspace root, but it may not be correct.
En línea: 1 Carácter: 1
+ & "C:\Program Files\nodejs/node.exe" "C:\Program 
Files\nodejs/node_mo ...
+ ~~~~~~~~~~~~~~~~~~~~~~~~~~~~~~~~~~~~~~~~~~~~~~~~~~~
~~~~~~~~~~~~~~~~~~
    + CategoryInfo          : NotSpecified: (ÔÜá War 
   ning: Ne...not be correct.:String) [], RemoteExc  
  eption
    + FullyQualifiedErrorId : NativeCommandError
 
 We detected multiple lockfiles and selected the 
directory of C:\Users\ANDRES\package-lock.json as 
the root directory.
 To silence this warning, set `turbopack.root` in 
your Next.js config, or consider removing one of the 
lockfiles if it's not needed.
   See https://nextjs.org/docs/app/api-reference/conf
ig/next-config-js/turbopack#root-directory for more 
information.
 Detected additional lockfiles: 
   * C:\Users\ANDRES\Desktop\sistema agroinv 
gravity\package-lock.json

Ôû▓ Next.js 16.1.1 (Turbopack)
- Environments: .env

  Creating an optimized production build ...
Ô£ô Compiled successfully in 5.9s
  Running TypeScript ...
Failed to compile.

./src/ai/flows/stock-balancing-suggestions.ts:29:12
Type error: Parameter 'input' implicitly has an 
'any' type.

[0m [90m 27 |[39m         outputSchema[33m:[39m 
z[33m.[39marray([33mSuggestionSchema[39m)
 [90m 28 |[39m     }[33m,[39m
[31m[1m>[22m[39m[90m 29 |[39m     
[36masync[39m (input) [33m=>[39m {
 [90m    |[39m            [31m[1m^[22m[39m
 [90m 30 |[39m         [36mconst[39m prompt 
[33m=[39m [32m`[39m
 [90m 31 |[39m [32mEres un experto en gesti├│n de 
inventarios para agronegocios.[39m
 [90m 32 |[39m [32m[39m[0m
Next.js build worker exited with code: 1 and signal: 
null
